工程助手 LDAssistant 内测报告
时间: 2026-07-05 10:04:05
最终状态: ✅ 全部通过
通过/总计: 180/180

第1轮: ✅ 18/18 33.1s
第2轮: ✅ 18/18 31.1s
第3轮: ✅ 18/18 21.1s
第4轮: ✅ 18/18 12.8s
第5轮: ✅ 18/18 12.8s
第6轮: ✅ 18/18 12.7s
第7轮: ✅ 18/18 12.1s
第8轮: ✅ 18/18 12.6s
第9轮: ✅ 18/18 13.1s
第10轮: ✅ 18/18 12.0s
